src/controllers/authController.ts(16,16): error TS2769: No overload matches this call.
  Overload 1 of 5, '(payload: string | object | Buffer<ArrayBufferLike>, secretOrPrivateKey: null, options?: SignOptions & { algorithm: "none"; }): string', gave the following error.
    Argument of type 'string' is not assignable to parameter of type 'null'.
  Overload 2 of 5, '(payload: string | object | Buffer<ArrayBufferLike>, secretOrPrivateKey: Buffer<ArrayBufferLike> | Secret | JsonWebKeyInput | PrivateKeyInput, options?: SignOptions): string', gave the following error.
    Type 'string' is not assignable to type 'number | StringValue'.
  Overload 3 of 5, '(payload: string | object | Buffer<ArrayBufferLike>, secretOrPrivateKey: Buffer<ArrayBufferLike> | Secret | JsonWebKeyInput | PrivateKeyInput, callback: SignCallback): void', gave the following error.
    Object literal may only specify known properties, and 'expiresIn' does not exist in type 'SignCallback'.
src/services/enrichmentWorker.ts(65,39): error TS2345: Argument of type 'unknown' is not assignable to parameter of type 'string'.
src/services/registrationCodeService.ts(126,43): error TS18004: No value exists in scope for the shorthand property 'role'. Either declare one or provide an initializer.
src/services/WarrantyService.ts(86,79): error TS2345: Argument of type 'unknown' is not assignable to parameter of type 'string'.
